<?xml version="1.0"?>
<testsuites>
  <testsuite name="Chrome 26.0 (Mac)" package="undefined" timestamp="2013-04-30T03:53:55" id="0" hostname="id-55-122.stat.ucla.edu" tests="48" errors="0" failures="0" time="0.094">
    <properties>
      <property name="browser.fullName" value="Mozilla/5.0 (Macintosh; Intel Mac OS X 10_6_8) AppleWebKit/537.31 (KHTML, like Gecko) Chrome/26.0.1410.65 Safari/537.31"/>
    </properties>
    <testcase name="should register valid module" time="0.006" classname="Chrome 26.0 (Mac).Core module provides service $core register function"/>
    <testcase name="should not register module if the module creator is an object" time="0.001" classname="Chrome 26.0 (Mac).Core module provides service $core register function"/>
    <testcase name="should not register module if the module creator does not return an object" time="0.002" classname="Chrome 26.0 (Mac).Core module provides service $core register function"/>
    <testcase name="should not register module if the created module object has not the functions init and destroy" time="0.001" classname="Chrome 26.0 (Mac).Core module provides service $core register function"/>
    <testcase name="should register module if option parameter is an object" time="0.002" classname="Chrome 26.0 (Mac).Core module provides service $core register function"/>
    <testcase name="should not register module if the option parameter is not an object" time="0.002" classname="Chrome 26.0 (Mac).Core module provides service $core register function"/>
    <testcase name="should not register module if module already exits" time="0.002" classname="Chrome 26.0 (Mac).Core module provides service $core register function"/>
    <testcase name="should unregister registered module" time="0.002" classname="Chrome 26.0 (Mac).Core module provides service $core unregister function"/>
    <testcase name="should not start module if invalid name was passed" time="0.002" classname="Chrome 26.0 (Mac).Core module provides service $core start function"/>
    <testcase name="should start module if valid name was passed" time="0.002" classname="Chrome 26.0 (Mac).Core module provides service $core start function"/>
    <testcase name="should start module if empty parameters object was passed" time="0.002" classname="Chrome 26.0 (Mac).Core module provides service $core start function"/>
    <testcase name="returns false if second parameter is a number" time="0.003" classname="Chrome 26.0 (Mac).Core module provides service $core start function"/>
    <testcase name="returns false if module does not exist" time="0.002" classname="Chrome 26.0 (Mac).Core module provides service $core start function"/>
    <testcase name="returns true if module exist" time="0.003" classname="Chrome 26.0 (Mac).Core module provides service $core start function"/>
    <testcase name="returns false if instance was aleready started" time="0.003" classname="Chrome 26.0 (Mac).Core module provides service $core start function"/>
    <testcase name="passes the options" time="0.003" classname="Chrome 26.0 (Mac).Core module provides service $core start function"/>
    <testcase name="calls the callback function after the initialization" time="0.002" classname="Chrome 26.0 (Mac).Core module provides service $core start function"/>
    <testcase name="calls the callback immediately if no callback was defined" time="0.002" classname="Chrome 26.0 (Mac).Core module provides service $core start function"/>
    <testcase name="calls the callback function with an error if an error occurs" time="0.001" classname="Chrome 26.0 (Mac).Core module provides service $core start function"/>
    <testcase name="starts a separate instance" time="0.003" classname="Chrome 26.0 (Mac).Core module provides service $core start function"/>
    <testcase name="calls the callback afterwards" time="0.003" classname="Chrome 26.0 (Mac).Core module provides service $core stop function"/>
    <testcase name="supports synchronous stopping" time="0.018" classname="Chrome 26.0 (Mac).Core module provides service $core stop function"/>
    <testcase name="returns an object" time="0" classname="Chrome 26.0 (Mac).Sandbox module provides service sandbox constructor"/>
    <testcase name="throws an error if the core was not defined" time="0" classname="Chrome 26.0 (Mac).Sandbox module provides service sandbox constructor"/>
    <testcase name="throws an error if no id was specified" time="0.001" classname="Chrome 26.0 (Mac).Sandbox module provides service sandbox constructor"/>
    <testcase name="throws an error if id is not a string" time="0" classname="Chrome 26.0 (Mac).Sandbox module provides service sandbox constructor"/>
    <testcase name="stores the instance id in &quot;instanceID&quot;" time="0" classname="Chrome 26.0 (Mac).Sandbox module provides service sandbox constructor"/>
    <testcase name="has an empty object if no options were specified" time="0" classname="Chrome 26.0 (Mac).Sandbox module provides service sandbox constructor"/>
    <testcase name="stores the option object" time="0" classname="Chrome 26.0 (Mac).Sandbox module provides service sandbox constructor"/>
    <testcase name="should return an array of argument names" time="0" classname="Chrome 26.0 (Mac).utils module provides service utils getArgumentNames function"/>
    <testcase name="shouldn&apos; tbreak if the function is not defined" time="0" classname="Chrome 26.0 (Mac).utils module provides service utils getArgumentNames function"/>
    <testcase name="should return a clone of array" time="0" classname="Chrome 26.0 (Mac).utils module provides service utils clone function"/>
    <testcase name="returns a clone of object" time="0.001" classname="Chrome 26.0 (Mac).utils module provides service utils clone function"/>
    <testcase name="copies all properties of first object to second" time="0" classname="Chrome 26.0 (Mac).utils module provides service utils installFromTo function"/>
    <testcase name="should return unique id every time" time="0.001" classname="Chrome 26.0 (Mac).utils module provides service utils getGuid function"/>
    <testcase name="should print current version" time="0.004" classname="Chrome 26.0 (Mac).directives app-version"/>
    <testcase name="should replace VERSION" time="0.001" classname="Chrome 26.0 (Mac).filter interpolate"/>
    <testcase name="should have a pubSub service" time="0.001" classname="Chrome 26.0 (Mac).Mediator publish function"/>
    <testcase name="is an accessible function" time="0.002" classname="Chrome 26.0 (Mac).Mediator publish function"/>
    <testcase name="should publish to a channel" time="0.002" classname="Chrome 26.0 (Mac).Mediator publish function"/>
    <testcase name="is an accessible function" time="0.002" classname="Chrome 26.0 (Mac).Mediator subscribe function"/>
    <testcase name="should subscribe to a channel" time="0.002" classname="Chrome 26.0 (Mac).Mediator subscribe function"/>
    <testcase name="returns false if callback is not a function" time="0.002" classname="Chrome 26.0 (Mac).Mediator subscribe function"/>
    <testcase name="subscribes a function to several channels" time="0.002" classname="Chrome 26.0 (Mac).Mediator subscribe function"/>
    <testcase name="subscribes several functions to several channels" time="0.002" classname="Chrome 26.0 (Mac).Mediator subscribe function"/>
    <testcase name="removes a subscription from a channel" time="0.002" classname="Chrome 26.0 (Mac).Mediator unsubscribe function"/>
    <testcase name="removes a cb function from all channels" time="0.001" classname="Chrome 26.0 (Mac).Mediator unsubscribe function"/>
    <testcase name="should return current version" time="0.001" classname="Chrome 26.0 (Mac).service version"/>
    <system-out><![CDATA[Chrome 26.0 (Mac) LOG: 'could not start module: module doesn\'t exist'
,Chrome 26.0 (Mac) LOG: 'could not start module: module ID has to be a string'
,Chrome 26.0 (Mac) LOG: 'could not start module: module ID has to be a string'
,Chrome 26.0 (Mac) LOG: 'could not start module: module ID has to be a string'
,Chrome 26.0 (Mac) LOG: 'undefined'
,Chrome 26.0 (Mac) LOG: 'undefined'
,Chrome 26.0 (Mac) LOG: 'could not start module: second parameter has to be a object'
,Chrome 26.0 (Mac) LOG: 'could not start module: module doesn\'t exist'
,Chrome 26.0 (Mac) LOG: 'undefined'
,Chrome 26.0 (Mac) LOG: 'undefined'
,Chrome 26.0 (Mac) LOG: 'could not start module: module was already started'
,Chrome 26.0 (Mac) LOG: 'undefined'
,Chrome 26.0 (Mac) LOG: 'could not start module: undefined is not a function'
,Chrome 26.0 (Mac) LOG: 'function () {\n            (expect(x)).toBe(2);\n            return done();\n          }'
,Chrome 26.0 (Mac) LOG: 'function () {\n    spyObj.wasCalled = true;\n    spyObj.callCount++;\n    var args = jasmine.util.argsToArray(arguments);\n    spyObj.mostRecentCall.object = this;\n    spyObj.mostRecentCall.args = args;\n    spyObj.argsForCall.push(args);\n    spyObj.calls.push({object: this, args: args});\n    return spyObj.plan.apply(this, arguments);\n  }'
,Chrome 26.0 (Mac) LOG: 'function (err) {\n              (expect(foo.cb1)).toHaveBeenCalled();\n              (expect(err.message)).toEqual(\'could not start module: thisWillProduceAnError is not defined\');\n              return done();\n            }'
,Chrome 26.0 (Mac) LOG: 'could not start module: thisWillProduceAnError is not defined'
,Chrome 26.0 (Mac) LOG: 'undefined'
,Chrome 26.0 (Mac) LOG: 'undefined'
,Chrome 26.0 (Mac) LOG: 'undefined'
,Chrome 26.0 (Mac) LOG: 'could not start module: module doesn\'t exist'
,Chrome 26.0 (Mac) LOG: 'could not start module: module ID has to be a string'
,Chrome 26.0 (Mac) LOG: 'could not start module: module ID has to be a string'
,Chrome 26.0 (Mac) LOG: 'could not start module: module ID has to be a string'
,Chrome 26.0 (Mac) LOG: 'could not start module: second parameter has to be a object'
,Chrome 26.0 (Mac) LOG: 'could not start module: module doesn\'t exist'
,Chrome 26.0 (Mac) LOG: 'could not start module: module was already started'
,Chrome 26.0 (Mac) LOG: 'could not start module: undefined is not a function'
,Chrome 26.0 (Mac) LOG: 'could not start module: thisWillProduceAnError is not defined'
,Chrome 26.0 (Mac) LOG: 'could not start module: module doesn\'t exist'
,Chrome 26.0 (Mac) LOG: 'could not start module: module ID has to be a string'
,Chrome 26.0 (Mac) LOG: 'could not start module: module ID has to be a string'
,Chrome 26.0 (Mac) LOG: 'could not start module: module ID has to be a string'
,Chrome 26.0 (Mac) LOG: 'could not start module: second parameter has to be a object'
,Chrome 26.0 (Mac) LOG: 'could not start module: module doesn\'t exist'
,Chrome 26.0 (Mac) LOG: 'could not start module: module was already started'
,Chrome 26.0 (Mac) LOG: 'could not start module: undefined is not a function'
,Chrome 26.0 (Mac) LOG: 'could not start module: thisWillProduceAnError is not defined'
,Chrome 26.0 (Mac) LOG: 'could not start module: module doesn\'t exist'
,Chrome 26.0 (Mac) LOG: 'could not start module: module ID has to be a string'
,Chrome 26.0 (Mac) LOG: 'could not start module: module ID has to be a string'
,Chrome 26.0 (Mac) LOG: 'could not start module: module ID has to be a string'
,Chrome 26.0 (Mac) LOG: 'could not start module: second parameter has to be a object'
,Chrome 26.0 (Mac) LOG: 'could not start module: module doesn\'t exist'
,Chrome 26.0 (Mac) LOG: 'could not start module: module was already started'
,Chrome 26.0 (Mac) LOG: 'could not start module: undefined is not a function'
,Chrome 26.0 (Mac) LOG: 'could not start module: thisWillProduceAnError is not defined'
,Chrome 26.0 (Mac) LOG: 'could not start module: module doesn\'t exist'
,Chrome 26.0 (Mac) LOG: 'could not start module: module ID has to be a string'
,Chrome 26.0 (Mac) LOG: 'could not start module: module ID has to be a string'
,Chrome 26.0 (Mac) LOG: 'could not start module: module ID has to be a string'
,Chrome 26.0 (Mac) LOG: 'could not start module: second parameter has to be a object'
,Chrome 26.0 (Mac) LOG: 'could not start module: module doesn\'t exist'
,Chrome 26.0 (Mac) LOG: 'could not start module: module was already started'
,Chrome 26.0 (Mac) LOG: 'could not start module: undefined is not a function'
,Chrome 26.0 (Mac) LOG: 'could not start module: thisWillProduceAnError is not defined'
,Chrome 26.0 (Mac) LOG: 'could not start module: module doesn\'t exist'
,Chrome 26.0 (Mac) LOG: 'could not start module: module ID has to be a string'
,Chrome 26.0 (Mac) LOG: 'could not start module: module ID has to be a string'
,Chrome 26.0 (Mac) LOG: 'could not start module: module ID has to be a string'
,Chrome 26.0 (Mac) LOG: 'could not start module: second parameter has to be a object'
,Chrome 26.0 (Mac) LOG: 'could not start module: module doesn\'t exist'
,Chrome 26.0 (Mac) LOG: 'could not start module: module was already started'
,Chrome 26.0 (Mac) LOG: 'could not start module: undefined is not a function'
,Chrome 26.0 (Mac) LOG: 'could not start module: thisWillProduceAnError is not defined'
,Chrome 26.0 (Mac) LOG: 'could not start module: module doesn\'t exist'
,Chrome 26.0 (Mac) LOG: 'could not start module: module ID has to be a string'
,Chrome 26.0 (Mac) LOG: 'could not start module: module ID has to be a string'
,Chrome 26.0 (Mac) LOG: 'could not start module: module ID has to be a string'
,Chrome 26.0 (Mac) LOG: 'could not start module: second parameter has to be a object'
,Chrome 26.0 (Mac) LOG: 'could not start module: module doesn\'t exist'
,Chrome 26.0 (Mac) LOG: 'could not start module: module was already started'
,Chrome 26.0 (Mac) LOG: 'could not start module: undefined is not a function'
,Chrome 26.0 (Mac) LOG: 'could not start module: thisWillProduceAnError is not defined'
,Chrome 26.0 (Mac) LOG: 'could not start module: module doesn\'t exist'
,Chrome 26.0 (Mac) LOG: 'could not start module: module ID has to be a string'
,Chrome 26.0 (Mac) LOG: 'could not start module: module ID has to be a string'
,Chrome 26.0 (Mac) LOG: 'could not start module: module ID has to be a string'
,Chrome 26.0 (Mac) LOG: 'could not start module: second parameter has to be a object'
,Chrome 26.0 (Mac) LOG: 'could not start module: module doesn\'t exist'
,Chrome 26.0 (Mac) LOG: 'could not start module: module was already started'
,Chrome 26.0 (Mac) LOG: 'could not start module: undefined is not a function'
,Chrome 26.0 (Mac) LOG: 'could not start module: thisWillProduceAnError is not defined'
,Chrome 26.0 (Mac) LOG: 'TEST -- it should have a pubSub service'
,Chrome 26.0 (Mac) LOG: 'TEST -- it is an accessible function'
,Chrome 26.0 (Mac) LOG: 'TEST -- it should publish to a channel'
,Chrome 26.0 (Mac) LOG: 'successfully subscribed'
,Chrome 26.0 (Mac) LOG: { 'test channel': [ { token: 15 } ] }
,Chrome 26.0 (Mac) LOG: 'TEST -- it is an accessible function'
,Chrome 26.0 (Mac) LOG: 'TEST -- it should subscribe to a channel'
,Chrome 26.0 (Mac) LOG: 'successfully subscribed'
,Chrome 26.0 (Mac) LOG: { 'test channel': [ { token: 15 } ] }
,Chrome 26.0 (Mac) LOG: 'TEST -- it returns false if callback is not a function'
,Chrome 26.0 (Mac) LOG: 'TEST -- it subscribes a function to several channels'
,Chrome 26.0 (Mac) LOG: 'successfully subscribed'
,Chrome 26.0 (Mac) LOG: { a: [ { token: 15 } ] }
,Chrome 26.0 (Mac) LOG: 'successfully subscribed'
,Chrome 26.0 (Mac) LOG: { a: [ { token: 15 } ], b: [ { token: 16 } ] }
,Chrome 26.0 (Mac) LOG: 'TEST -- it subscribes several functions to several channels'
,Chrome 26.0 (Mac) LOG: 'successfully subscribed'
,Chrome 26.0 (Mac) LOG: { a: [ { token: 15 } ] }
,Chrome 26.0 (Mac) LOG: 'successfully subscribed'
,Chrome 26.0 (Mac) LOG: { a: [ { token: 15 } ], b: [ { token: 16 } ] }
,Chrome 26.0 (Mac) LOG: 'TEST -- it should unsubscribe from a channel'
,Chrome 26.0 (Mac) LOG: 'successfully subscribed'
,Chrome 26.0 (Mac) LOG: { 'test channel': [ { token: 15 } ] }
,Chrome 26.0 (Mac) LOG: 'successfully unsubscribed'
,Chrome 26.0 (Mac) LOG: 'TEST -- it removes a cb function from all channels'
,Chrome 26.0 (Mac) LOG: 'successfully subscribed'
,Chrome 26.0 (Mac) LOG: { 'test channel': [ { token: 15 } ] }
,Chrome 26.0 (Mac) LOG: 'successfully unsubscribed'
,Chrome 26.0 (Mac) LOG: 'could not start module: module doesn\'t exist'
,Chrome 26.0 (Mac) LOG: 'could not start module: module ID has to be a string'
,Chrome 26.0 (Mac) LOG: 'could not start module: module ID has to be a string'
,Chrome 26.0 (Mac) LOG: 'could not start module: module ID has to be a string'
,Chrome 26.0 (Mac) LOG: 'could not start module: second parameter has to be a object'
,Chrome 26.0 (Mac) LOG: 'could not start module: module doesn\'t exist'
,Chrome 26.0 (Mac) LOG: 'could not start module: module was already started'
,Chrome 26.0 (Mac) LOG: 'could not start module: undefined is not a function'
,Chrome 26.0 (Mac) LOG: 'could not start module: thisWillProduceAnError is not defined'
,Chrome 26.0 (Mac) LOG: 'TEST -- it should have a pubSub service'
,Chrome 26.0 (Mac) LOG: 'TEST -- it is an accessible function'
,Chrome 26.0 (Mac) LOG: 'TEST -- it should publish to a channel'
,Chrome 26.0 (Mac) LOG: 'successfully subscribed'
,Chrome 26.0 (Mac) LOG: { 'test channel': [ { token: 15 } ] }
,Chrome 26.0 (Mac) LOG: 'TEST -- it is an accessible function'
,Chrome 26.0 (Mac) LOG: 'TEST -- it should subscribe to a channel'
,Chrome 26.0 (Mac) LOG: 'successfully subscribed'
,Chrome 26.0 (Mac) LOG: { 'test channel': [ { token: 15 } ] }
,Chrome 26.0 (Mac) LOG: 'TEST -- it returns false if callback is not a function'
,Chrome 26.0 (Mac) LOG: 'TEST -- it subscribes a function to several channels'
,Chrome 26.0 (Mac) LOG: 'successfully subscribed'
,Chrome 26.0 (Mac) LOG: { a: [ { token: 15 } ] }
,Chrome 26.0 (Mac) LOG: 'successfully subscribed'
,Chrome 26.0 (Mac) LOG: { a: [ { token: 15 } ], b: [ { token: 16 } ] }
,Chrome 26.0 (Mac) LOG: 'TEST -- it subscribes several functions to several channels'
,Chrome 26.0 (Mac) LOG: 'successfully subscribed'
,Chrome 26.0 (Mac) LOG: { a: [ { token: 15 } ] }
,Chrome 26.0 (Mac) LOG: 'successfully subscribed'
,Chrome 26.0 (Mac) LOG: { a: [ { token: 15 } ], b: [ { token: 16 } ] }
,Chrome 26.0 (Mac) LOG: 'TEST -- it should unsubscribe from a channel'
,Chrome 26.0 (Mac) LOG: 'successfully subscribed'
,Chrome 26.0 (Mac) LOG: { 'test channel': [ { token: 15 } ] }
,Chrome 26.0 (Mac) LOG: 'successfully unsubscribed'
,Chrome 26.0 (Mac) LOG: 'TEST -- it removes a cb function from all channels'
,Chrome 26.0 (Mac) LOG: 'successfully subscribed'
,Chrome 26.0 (Mac) LOG: { 'test channel': [ { token: 15 } ] }
,Chrome 26.0 (Mac) LOG: 'successfully unsubscribed'
,Chrome 26.0 (Mac) LOG: 'could not start module: module doesn\'t exist'
,Chrome 26.0 (Mac) LOG: 'could not start module: module ID has to be a string'
,Chrome 26.0 (Mac) LOG: 'could not start module: module ID has to be a string'
,Chrome 26.0 (Mac) LOG: 'could not start module: module ID has to be a string'
,Chrome 26.0 (Mac) LOG: 'could not start module: second parameter has to be a object'
,Chrome 26.0 (Mac) LOG: 'could not start module: module doesn\'t exist'
,Chrome 26.0 (Mac) LOG: 'could not start module: module was already started'
,Chrome 26.0 (Mac) LOG: 'could not start module: undefined is not a function'
,Chrome 26.0 (Mac) LOG: 'could not start module: thisWillProduceAnError is not defined'
,Chrome 26.0 (Mac) LOG: 'TEST -- it should have a pubSub service'
,Chrome 26.0 (Mac) LOG: 'TEST -- it is an accessible function'
,Chrome 26.0 (Mac) LOG: 'TEST -- it should publish to a channel'
,Chrome 26.0 (Mac) LOG: 'successfully subscribed'
,Chrome 26.0 (Mac) LOG: { 'test channel': [ { token: 15 } ] }
,Chrome 26.0 (Mac) LOG: 'TEST -- it is an accessible function'
,Chrome 26.0 (Mac) LOG: 'TEST -- it should subscribe to a channel'
,Chrome 26.0 (Mac) LOG: 'successfully subscribed'
,Chrome 26.0 (Mac) LOG: { 'test channel': [ { token: 15 } ] }
,Chrome 26.0 (Mac) LOG: 'TEST -- it returns false if callback is not a function'
,Chrome 26.0 (Mac) LOG: 'TEST -- it subscribes a function to several channels'
,Chrome 26.0 (Mac) LOG: 'successfully subscribed'
,Chrome 26.0 (Mac) LOG: { a: [ { token: 15 } ] }
,Chrome 26.0 (Mac) LOG: 'successfully subscribed'
,Chrome 26.0 (Mac) LOG: { a: [ { token: 15 } ], b: [ { token: 16 } ] }
,Chrome 26.0 (Mac) LOG: 'TEST -- it subscribes several functions to several channels'
,Chrome 26.0 (Mac) LOG: 'successfully subscribed'
,Chrome 26.0 (Mac) LOG: { a: [ { token: 15 } ] }
,Chrome 26.0 (Mac) LOG: 'successfully subscribed'
,Chrome 26.0 (Mac) LOG: { a: [ { token: 15 } ], b: [ { token: 16 } ] }
,Chrome 26.0 (Mac) LOG: 'TEST -- it should unsubscribe from a channel'
,Chrome 26.0 (Mac) LOG: 'successfully subscribed'
,Chrome 26.0 (Mac) LOG: { 'test channel': [ { token: 15 } ] }
,Chrome 26.0 (Mac) LOG: 'successfully unsubscribed'
,Chrome 26.0 (Mac) LOG: 'TEST -- it removes a cb function from all channels'
,Chrome 26.0 (Mac) LOG: 'successfully subscribed'
,Chrome 26.0 (Mac) LOG: { 'test channel': [ { token: 15 } ] }
,Chrome 26.0 (Mac) LOG: 'successfully unsubscribed'
,Chrome 26.0 (Mac) LOG: 'could not start module: module doesn\'t exist'
,Chrome 26.0 (Mac) LOG: 'could not start module: module ID has to be a string'
,Chrome 26.0 (Mac) LOG: 'could not start module: module ID has to be a string'
,Chrome 26.0 (Mac) LOG: 'could not start module: module ID has to be a string'
,Chrome 26.0 (Mac) LOG: 'could not start module: second parameter has to be a object'
,Chrome 26.0 (Mac) LOG: 'could not start module: module doesn\'t exist'
,Chrome 26.0 (Mac) LOG: 'could not start module: module was already started'
,Chrome 26.0 (Mac) LOG: 'could not start module: undefined is not a function'
,Chrome 26.0 (Mac) LOG: 'could not start module: thisWillProduceAnError is not defined'
,Chrome 26.0 (Mac) LOG: 'TEST -- it should have a pubSub service'
,Chrome 26.0 (Mac) LOG: 'TEST -- it is an accessible function'
,Chrome 26.0 (Mac) LOG: 'TEST -- it should publish to a channel'
,Chrome 26.0 (Mac) LOG: 'successfully subscribed'
,Chrome 26.0 (Mac) LOG: { 'test channel': [ { token: 15 } ] }
,Chrome 26.0 (Mac) LOG: 'TEST -- it is an accessible function'
,Chrome 26.0 (Mac) LOG: 'TEST -- it should subscribe to a channel'
,Chrome 26.0 (Mac) LOG: 'successfully subscribed'
,Chrome 26.0 (Mac) LOG: { 'test channel': [ { token: 15 } ] }
,Chrome 26.0 (Mac) LOG: 'TEST -- it returns false if callback is not a function'
,Chrome 26.0 (Mac) LOG: 'TEST -- it subscribes a function to several channels'
,Chrome 26.0 (Mac) LOG: 'successfully subscribed'
,Chrome 26.0 (Mac) LOG: { a: [ { token: 15 } ] }
,Chrome 26.0 (Mac) LOG: 'successfully subscribed'
,Chrome 26.0 (Mac) LOG: { a: [ { token: 15 } ], b: [ { token: 16 } ] }
,Chrome 26.0 (Mac) LOG: 'TEST -- it subscribes several functions to several channels'
,Chrome 26.0 (Mac) LOG: 'successfully subscribed'
,Chrome 26.0 (Mac) LOG: { a: [ { token: 15 } ] }
,Chrome 26.0 (Mac) LOG: 'successfully subscribed'
,Chrome 26.0 (Mac) LOG: { a: [ { token: 15 } ], b: [ { token: 16 } ] }
,Chrome 26.0 (Mac) LOG: 'TEST -- it should unsubscribe from a channel'
,Chrome 26.0 (Mac) LOG: 'successfully subscribed'
,Chrome 26.0 (Mac) LOG: { 'test channel': [ { token: 15 } ] }
,Chrome 26.0 (Mac) LOG: 'successfully unsubscribed'
,Chrome 26.0 (Mac) LOG: 'TEST -- it removes a cb function from all channels'
,Chrome 26.0 (Mac) LOG: 'successfully subscribed'
,Chrome 26.0 (Mac) LOG: { 'test channel': [ { token: 15 } ] }
,Chrome 26.0 (Mac) LOG: 'successfully unsubscribed'

]]></system-out>
    <system-err/>
  </testsuite>
</testsuites>
